[handleMsg]:  {
  key: {
    remoteJid: '51957601828@s.whatsapp.net',
    fromMe: false,
    id: '3EB054D83CBB7E53C90448',
    participant: undefined
  },
  messageTimestamp: 1739053251,
  pushName: 'Marlene Reyes',
  broadcast: false,
  message: Message {
    conversation: 'hola',
    messageContextInfo: MessageContextInfo {
      deviceListMetadata: [DeviceListMetadata],
      deviceListMetadataVersion: 2,
      messageSecret: [Uint8Array]
    }
  },
  body: 'hola',
  from: '51957601828'
}
[QUEUE_SE_ENVIO]:  {
  ref: 'ans_e0ce0008-c312-4cb7-ad7f-a4c9dd493894',
  keyword: 'key_28870c14-667e-492d-9d53-7ce718e47eb0',
  answer: '__call_action__',
  options: {
    media: null,
    buttons: [],
    capture: false,
    child: null,
    delay: 0,
    idle: null,
    ref: null,
    nested: [],
    keyword: {},
    callback: true
  },
  refSerialize: '608d932a2a91312132f7b6b4603bd87c'
}
[handleMsg]:  {
  key: {
    remoteJid: '51957601828@s.whatsapp.net',
    fromMe: false,
    id: '3EB00622D9E1FBBE829DE8',
    participant: undefined
  },
  messageTimestamp: 1739053558,
  pushName: 'Marlene Reyes',
  broadcast: false,
  message: Message {
    conversation: 'menu',
    messageContextInfo: MessageContextInfo {
      deviceListMetadata: [DeviceListMetadata],
      deviceListMetadataVersion: 2,
      messageSecret: [Uint8Array]
    }
  },
  body: 'menu',
  from: '51957601828'
}
[QUEUE_SE_ENVIO]:  {
  ref: 'ans_119297f5-f0f5-4570-9770-a6cb4a02a53b',
  keyword: 'key_56e82347-bd29-4e07-8b28-21c0661324d6',
  answer: 'Elige alguna de estas opciones:\r\n' +
    '\r\n' +
    'Opcion 1 - Reservar citas\r\n' +
    'Opcion 2 - Ver citas pendientes\r\n' +
    'Opcion 3 - Hacer consultas\r\n' +
    '\r\n' +
    'Opcion 0 - Salir',
  options: {
    media: null,
    buttons: [],
    capture: true,
    child: null,
    delay: 0,
    idle: null,
    ref: null,
    nested: [],
    keyword: {},
    callback: true
  },
  refSerialize: 'c00c798e7ac9d6ceadf94eca92afed6d'
}
[handleMsg]:  {
  key: {
    remoteJid: '51957601828@s.whatsapp.net',
    fromMe: false,
    id: '3EB00D5B72F18F5D0F8125',
    participant: undefined
  },
  messageTimestamp: 1739053567,
  pushName: 'Marlene Reyes',
  broadcast: false,
  message: Message {
    conversation: '1',
    messageContextInfo: MessageContextInfo {
      deviceListMetadata: [DeviceListMetadata],
      deviceListMetadataVersion: 2,
      messageSecret: [Uint8Array]
    }
  },
  body: '1',
  from: '51957601828'
}
[handleMsg]:  {
  key: {
    remoteJid: '51957601828@s.whatsapp.net',
    fromMe: false,
    id: '3EB004B70E8FA020A0AD5F',
    participant: undefined
  },
  messageTimestamp: 1739053571,
  pushName: 'Marlene Reyes',
  broadcast: false,
  message: Message {
    conversation: '2',
    messageContextInfo: MessageContextInfo {
      deviceListMetadata: [DeviceListMetadata],
      deviceListMetadataVersion: 2,
      messageSecret: [Uint8Array]
    }
  },
  body: '2',
  from: '51957601828'
}
[handleMsg]:  {
  key: {
    remoteJid: '51957601828@s.whatsapp.net',
    fromMe: false,
    id: '3EB092E35FEE76A0D875A4',
    participant: undefined
  },
  messageTimestamp: 1739053775,
  pushName: 'Marlene Reyes',
  broadcast: false,
  message: Message {
    conversation: 'gracias',
    messageContextInfo: MessageContextInfo {
      deviceListMetadata: [DeviceListMetadata],
      deviceListMetadataVersion: 2,
      messageSecret: [Uint8Array]
    }
  },
  body: 'gracias',
  from: '51957601828'
}
[QUEUE_SE_ENVIO]:  {
  ref: 'ans_e0ce0008-c312-4cb7-ad7f-a4c9dd493894',
  keyword: 'key_28870c14-667e-492d-9d53-7ce718e47eb0',
  answer: '__call_action__',
  options: {
    media: null,
    buttons: [],
    capture: false,
    child: null,
    delay: 0,
    idle: null,
    ref: null,
    nested: [],
    keyword: {},
    callback: true
  },
  refSerialize: '608d932a2a91312132f7b6b4603bd87c'
}
[handleMsg]:  {
  key: {
    remoteJid: '51957601828@s.whatsapp.net',
    fromMe: false,
    id: '3EB0577253717DECBA2CF3',
    participant: undefined
  },
  messageTimestamp: 1739053787,
  pushName: 'Marlene Reyes',
  broadcast: false,
  message: Message {
    conversation: 'menu',
    messageContextInfo: MessageContextInfo {
      deviceListMetadata: [DeviceListMetadata],
      deviceListMetadataVersion: 2,
      messageSecret: [Uint8Array]
    }
  },
  body: 'menu',
  from: '51957601828'
}
[QUEUE_SE_ENVIO]:  {
  ref: 'ans_119297f5-f0f5-4570-9770-a6cb4a02a53b',
  keyword: 'key_56e82347-bd29-4e07-8b28-21c0661324d6',
  answer: 'Elige alguna de estas opciones:\r\n' +
    '\r\n' +
    'Opcion 1 - Reservar citas\r\n' +
    'Opcion 2 - Ver citas pendientes\r\n' +
    'Opcion 3 - Hacer consultas\r\n' +
    '\r\n' +
    'Opcion 0 - Salir',
  options: {
    media: null,
    buttons: [],
    capture: true,
    child: null,
    delay: 0,
    idle: null,
    ref: null,
    nested: [],
    keyword: {},
    callback: true
  },
  refSerialize: 'c00c798e7ac9d6ceadf94eca92afed6d'
}
